// Jest Snapshot v1, https://goo.gl/fbAQLP

exports[`Prubas sobre <GifGridItem> Debe mostrar el componente correctamente 1`] = `
<div
  className="card animate__animated animate__fadeIn"
>
  <img
    alt="Un titulo"
    src="https://localhost/imagen.png"
  />
  <p>
    Un titulo
  </p>
</div>
`;
